// Jest Snapshot v1, https://goo.gl/fbAQLP

exports[`<AllUsers /> component Render without crashing 1`] = `ReactWrapper {}`;
