// Jest Snapshot v1, https://goo.gl/fbAQLP

exports[`<GenericForm /> component Render without crashing 1`] = `ReactWrapper {}`;
