// Jest Snapshot v1, https://goo.gl/fbAQLP

exports[`<Main /> component Render without crashing 1`] = `ReactWrapper {}`;
