// Jest Snapshot v1, https://goo.gl/fbAQLP

exports[`<SecondaryButtons /> component Render without crashing 1`] = `ShallowWrapper {}`;
